
### Running sudoku_4 (batch size=128, device=cuda:0) ###
Loaded SDD with 2408 nodes.
Layerized in 2862 nodes and 31 layers
  in 0.00175092s.
Benchmarking Torch
  to_torch           0.138
  sparsity           0.00988
  jit compile        0.00229
  forward (cold)     3.33
  forward (warm)     0.000127 ± 4.36e-05
   +backward (cold)  0.618
   +backward (warm)  0.000749 ± 0.000244

### Running 4-grid (batch size=128, device=cuda:0) ###
Loaded SDD with 6610 nodes.
Layerized in 5813 nodes and 25 layers
  in 0.00268185s.
Benchmarking Torch
  to_torch           0.00307
  sparsity           0.00379
  jit compile        0.00245
  forward (cold)     0.407
  forward (warm)     0.000117 ± 2.36e-05
   +backward (cold)  0.624
   +backward (warm)  0.000904 ± 0.000151

### Running seq_fun (batch size=128, device=cuda:0) ###
Loaded SDD with 9730 nodes.
Layerized in 20548 nodes and 85 layers
  in 0.00613257s.
Benchmarking Torch
  to_torch           0.00977
  sparsity           0.00329
  jit compile        0.00235
  forward (cold)     1.23
  forward (warm)     0.00015 ± 3.31e-05
   +backward (cold)  1.67
   +backward (warm)  0.00147 ± 0.000664

### Running warcraft_12 (batch size=128, device=cuda:0) ###
Loaded SDD with 1110234 nodes.
Layerized in 975417 nodes and 85 layers
  in 1.32232s.
Benchmarking Torch
  to_torch           0.105
  sparsity           0.000132
  jit compile        0.0022
  forward (cold)     1.54
  forward (warm)     0.000172 ± 3.35e-05
   +backward (cold)  1.82
   +backward (warm)  0.00163 ± 0.00083
