
### Running sudoku_4 (batch size=128, device=mps) ###
Loaded SDD with 2408 nodes.
Layerized in 2862 nodes and 31 layers
  in 0.00129362s.
Benchmarking Torch
  to_torch           0.0236
  sparsity           0.00988
  jit compile        1.05
  forward (cold)     0.474
  forward (warm)     0.0039 ± 0.000225
   +backward (cold)  0.307
   +backward (warm)  0.00693 ± 0.00037

### Running 4-grid (batch size=128, device=mps) ###
Loaded SDD with 6610 nodes.
Layerized in 5813 nodes and 25 layers
  in 0.00319075s.
Benchmarking Torch
  to_torch           0.0103
  sparsity           0.00379
  jit compile        0.00127
  forward (cold)     0.143
  forward (warm)     0.00364 ± 0.00049
   +backward (cold)  0.0708
   +backward (warm)  0.00609 ± 0.000175

### Running seq_fun (batch size=128, device=mps) ###
Loaded SDD with 9730 nodes.
Layerized in 20548 nodes and 85 layers
  in 0.00698604s.
Benchmarking Torch
  to_torch           0.0334
  sparsity           0.00329
  jit compile        0.00126
  forward (cold)     0.666
  forward (warm)     0.011 ± 0.000206
   +backward (cold)  0.285
   +backward (warm)  0.0201 ± 0.000312

### Running warcraft_12 (batch size=128, device=mps) ###
Loaded SDD with 1110234 nodes.
Layerized in 975417 nodes and 85 layers
  in 1.32286s.
Benchmarking Torch
  to_torch           0.105
  sparsity           0.000132
  jit compile        0.00129
  forward (cold)     1.12
  forward (warm)     0.0154 ± 0.00127
   +backward (cold)  0.844
   +backward (warm)  0.422 ± 0.0152
