
### Running sudoku_4 (batch size=128, device=cpu) ###
Loaded SDD with 2408 nodes.
Layerized in 2862 nodes and 31 layers
  in 0.00159435s.
Benchmarking Torch
  to_torch           0.00319
  sparsity           0.00988
  jit compile        0.00254
  forward (cold)     14.9
  forward (warm)     0.00236 ± 0.000117
   +backward (cold)  0.561
   +backward (warm)  0.00559 ± 0.000147

### Running 4-grid (batch size=128, device=cpu) ###
Loaded SDD with 6610 nodes.
Layerized in 5813 nodes and 25 layers
  in 0.00273295s.
Benchmarking Torch
  to_torch           0.00224
  sparsity           0.00379
  jit compile        0.00241
  forward (cold)     0.426
  forward (warm)     0.0106 ± 0.000228
   +backward (cold)  0.455
   +backward (warm)  0.014 ± 0.000582

### Running seq_fun (batch size=128, device=cpu) ###
Loaded SDD with 9730 nodes.
Layerized in 20548 nodes and 85 layers
  in 0.00729184s.
Benchmarking Torch
  to_torch           0.00562
  sparsity           0.00329
  jit compile        0.0019
  forward (cold)     1.39
  forward (warm)     0.0181 ± 0.000195
   +backward (cold)  1.37
   +backward (warm)  0.0281 ± 0.00185

### Running warcraft_12 (batch size=128, device=cpu) ###
Loaded SDD with 1110234 nodes.
Layerized in 975417 nodes and 85 layers
  in 1.26637s.
Benchmarking Torch
  to_torch           0.0822
  sparsity           0.000132
  jit compile        0.00213
  forward (cold)     2.8
  forward (warm)     1.35 ± 0.00868
   +backward (cold)  2.96
   +backward (warm)  1.24 ± 0.0234
